[Game+]
Logo=#IF({vars[pub]}&2)//#LOGO1,1(logo-hex)/#LOGO0,1(logo-dec)//
alt_base=#IF({vars[pub]}&2)(,hexa)decimal
alt_dir=#MAP({vars[pub]}&3)(..,1:hex,2:dec)/

[Paths+]
AudioPath=#IF({vars[pub]}>2)(../)audio
ImagePath=#IF({vars[pub]}>2)(../)images

[Template:footer]
<footer>
<div class="release">{Game[Release]}</div>
<div class="copyright">{Game[Copyright]}</div>
<div class="created">{Game[Created]}</div>
<div><a href="{SkoolKit[Path]}">Switch to {Game[alt_base]}</a>.</div>
</footer>
